git : fatal: not a git repository (or any of the parent directories): .git
No linha:1 caractere:1
+ git rev-parse --is-inside-work-tree 2>&1 | Out-File -FilePath "_git1. ...
+ ~~~~~~~~~~~~~~~~~~~~~~~~~~~~~~~~~~~~~~~~
    + CategoryInfo          : NotSpecified: (fatal: not a gi...ectories): .git 
   :String) [], RemoteException
    + FullyQualifiedErrorId : NativeCommandError
 
git : fatal: not a git repository (or any of the parent directories): .git
No linha:1 caractere:91
+ ... File -FilePath "_git1.log" -Encoding utf8; git remote -v 2>&1 | Out-F ...
+                                                ~~~~~~~~~~~~~~~~~~
    + CategoryInfo          : NotSpecified: (fatal: not a gi...ectories): .git 
   :String) [], RemoteException
    + FullyQualifiedErrorId : NativeCommandError
 
git : fatal: not a git repository (or any of the parent directories): .git
No linha:1 caractere:167
+ ... lePath "_git1.log" -Append -Encoding utf8; git branch -a 2>&1 | Out-F ...
+                                                ~~~~~~~~~~~~~~~~~~
    + CategoryInfo          : NotSpecified: (fatal: not a gi...ectories): .git 
   :String) [], RemoteException
    + FullyQualifiedErrorId : NativeCommandError
 
git : fatal: not a git repository (or any of the parent directories): .git
No linha:1 caractere:243
+ ... "_git1.log" -Append -Encoding utf8; git log --oneline -5 2>&1 | Out-F ...
+                                         ~~~~~~~~~~~~~~~~~~~~~~~~~
    + CategoryInfo          : NotSpecified: (fatal: not a gi...ectories): .git 
   :String) [], RemoteException
    + FullyQualifiedErrorId : NativeCommandError
 
